Archive member included to satisfy reference by file (symbol)

c:/ac6/systemworkbench/plugins/fr.ac6.mcu.externaltools.arm-none.win32_1.7.0.201602121829/tools/compiler/bin/../lib/gcc/arm-none-eabi/5.2.1/armv6-m\libgcc.a(_udivsi3.o)
                              Drivers/STM32F0xx_HAL_Driver/Src/stm32f0xx_hal.o (__aeabi_uidiv)
c:/ac6/systemworkbench/plugins/fr.ac6.mcu.externaltools.arm-none.win32_1.7.0.201602121829/tools/compiler/bin/../lib/gcc/arm-none-eabi/5.2.1/armv6-m\libgcc.a(_divsi3.o)
                              Src/control.o (__aeabi_idiv)
c:/ac6/systemworkbench/plugins/fr.ac6.mcu.externaltools.arm-none.win32_1.7.0.201602121829/tools/compiler/bin/../lib/gcc/arm-none-eabi/5.2.1/armv6-m\libgcc.a(_dvmd_tls.o)
                              c:/ac6/systemworkbench/plugins/fr.ac6.mcu.externaltools.arm-none.win32_1.7.0.201602121829/tools/compiler/bin/../lib/gcc/arm-none-eabi/5.2.1/armv6-m\libgcc.a(_udivsi3.o) (__aeabi_idiv0)
c:/ac6/systemworkbench/plugins/fr.ac6.mcu.externaltools.arm-none.win32_1.7.0.201602121829/tools/compiler/bin/../lib/gcc/arm-none-eabi/5.2.1/../../../../arm-none-eabi/lib/armv6-m\libc_nano.a(lib_a-exit.o)
                              c:/ac6/systemworkbench/plugins/fr.ac6.mcu.externaltools.arm-none.win32_1.7.0.201602121829/tools/compiler/bin/../lib/gcc/arm-none-eabi/5.2.1/../../../../arm-none-eabi/lib/armv6-m/crt0.o (exit)
c:/ac6/systemworkbench/plugins/fr.ac6.mcu.externaltools.arm-none.win32_1.7.0.201602121829/tools/compiler/bin/../lib/gcc/arm-none-eabi/5.2.1/../../../../arm-none-eabi/lib/armv6-m\libc_nano.a(lib_a-impure.o)
                              c:/ac6/systemworkbench/plugins/fr.ac6.mcu.externaltools.arm-none.win32_1.7.0.201602121829/tools/compiler/bin/../lib/gcc/arm-none-eabi/5.2.1/../../../../arm-none-eabi/lib/armv6-m\libc_nano.a(lib_a-exit.o) (_global_impure_ptr)
c:/ac6/systemworkbench/plugins/fr.ac6.mcu.externaltools.arm-none.win32_1.7.0.201602121829/tools/compiler/bin/../lib/gcc/arm-none-eabi/5.2.1/../../../../arm-none-eabi/lib/armv6-m\libc_nano.a(lib_a-init.o)
                              c:/ac6/systemworkbench/plugins/fr.ac6.mcu.externaltools.arm-none.win32_1.7.0.201602121829/tools/compiler/bin/../lib/gcc/arm-none-eabi/5.2.1/../../../../arm-none-eabi/lib/armv6-m/crt0.o (__libc_init_array)
c:/ac6/systemworkbench/plugins/fr.ac6.mcu.externaltools.arm-none.win32_1.7.0.201602121829/tools/compiler/bin/../lib/gcc/arm-none-eabi/5.2.1/../../../../arm-none-eabi/lib/armv6-m\libc_nano.a(lib_a-memcpy-stub.o)
                              Drivers/STM32F0xx_HAL_Driver/Src/stm32f0xx_hal_rcc.o (memcpy)
c:/ac6/systemworkbench/plugins/fr.ac6.mcu.externaltools.arm-none.win32_1.7.0.201602121829/tools/compiler/bin/../lib/gcc/arm-none-eabi/5.2.1/../../../../arm-none-eabi/lib/armv6-m\libc_nano.a(lib_a-memset.o)
                              c:/ac6/systemworkbench/plugins/fr.ac6.mcu.externaltools.arm-none.win32_1.7.0.201602121829/tools/compiler/bin/../lib/gcc/arm-none-eabi/5.2.1/../../../../arm-none-eabi/lib/armv6-m/crt0.o (memset)
c:/ac6/systemworkbench/plugins/fr.ac6.mcu.externaltools.arm-none.win32_1.7.0.201602121829/tools/compiler/bin/../lib/gcc/arm-none-eabi/5.2.1/../../../../arm-none-eabi/lib/armv6-m\libnosys.a(_exit.o)
                              c:/ac6/systemworkbench/plugins/fr.ac6.mcu.externaltools.arm-none.win32_1.7.0.201602121829/tools/compiler/bin/../lib/gcc/arm-none-eabi/5.2.1/../../../../arm-none-eabi/lib/armv6-m\libc_nano.a(lib_a-exit.o) (_exit)

Allocating common symbols
Common symbol       size              file

potentiometers      0x8               Src/control.o
uwTick              0x4               Drivers/STM32F0xx_HAL_Driver/Src/stm32f0xx_hal.o
pFlash              0x20              Drivers/STM32F0xx_HAL_Driver/Src/stm32f0xx_hal_flash.o
htim3               0x40              Src/main.o
Vbat                0x2               Src/control.o
lineposition_state  0x1               Src/control.o
sensorValues        0x6               Src/control.o
newADCValue         0x2               Src/main.o
speed               0x2               Src/control.o
hadc                0x4c              Src/main.o

Discarded input sections

 .text          0x00000000        0x0 c:/ac6/systemworkbench/plugins/fr.ac6.mcu.externaltools.arm-none.win32_1.7.0.201602121829/tools/compiler/bin/../lib/gcc/arm-none-eabi/5.2.1/armv6-m/crti.o
 .data          0x00000000        0x0 c:/ac6/systemworkbench/plugins/fr.ac6.mcu.externaltools.arm-none.win32_1.7.0.201602121829/tools/compiler/bin/../lib/gcc/arm-none-eabi/5.2.1/armv6-m/crti.o
 .bss           0x00000000        0x0 c:/ac6/systemworkbench/plugins/fr.ac6.mcu.externaltools.arm-none.win32_1.7.0.201602121829/tools/compiler/bin/../lib/gcc/arm-none-eabi/5.2.1/armv6-m/crti.o
 .data          0x00000000        0x4 c:/ac6/systemworkbench/plugins/fr.ac6.mcu.externaltools.arm-none.win32_1.7.0.201602121829/tools/compiler/bin/../lib/gcc/arm-none-eabi/5.2.1/armv6-m/crtbegin.o
[...]
Memory Configuration

Name             Origin             Length             Attributes
RAM              0x20000000         0x00001000         xrw
FLASH            0x08000000         0x00004000         xr
*default*        0x00000000         0xffffffff

Linker script and memory map

LOAD c:/ac6/systemworkbench/plugins/fr.ac6.mcu.externaltools.arm-none.win32_1.7.0.201602121829/tools/compiler/bin/../lib/gcc/arm-none-eabi/5.2.1/armv6-m/crti.o
LOAD c:/ac6/systemworkbench/plugins/fr.ac6.mcu.externaltools.arm-none.win32_1.7.0.201602121829/tools/compiler/bin/../lib/gcc/arm-none-eabi/5.2.1/armv6-m/crtbegin.o
LOAD c:/ac6/systemworkbench/plugins/fr.ac6.mcu.externaltools.arm-none.win32_1.7.0.201602121829/tools/compiler/bin/../lib/gcc/arm-none-eabi/5.2.1/../../../../arm-none-eabi/lib/armv6-m/crt0.o
LOAD c:/ac6/systemworkbench/plugins/fr.ac6.mcu.externaltools.arm-none.win32_1.7.0.201602121829/tools/compiler/bin/../lib/gcc/arm-none-eabi/5.2.1/../../../../arm-none-eabi/lib/armv6-m\libm.a
LOAD Drivers/CMSIS/Device/ST/STM32F0xx/Source/Templates/gcc/startup_stm32f030x6.o
LOAD Drivers/STM32F0xx_HAL_Driver/Src/stm32f0xx_hal.o
LOAD Drivers/STM32F0xx_HAL_Driver/Src/stm32f0xx_hal_adc.o
LOAD Drivers/STM32F0xx_HAL_Driver/Src/stm32f0xx_hal_adc_ex.o
LOAD Drivers/STM32F0xx_HAL_Driver/Src/stm32f0xx_hal_cortex.o
LOAD Drivers/STM32F0xx_HAL_Driver/Src/stm32f0xx_hal_dma.o
LOAD Drivers/STM32F0xx_HAL_Driver/Src/stm32f0xx_hal_flash.o
LOAD Drivers/STM32F0xx_HAL_Driver/Src/stm32f0xx_hal_flash_ex.o
LOAD Drivers/STM32F0xx_HAL_Driver/Src/stm32f0xx_hal_gpio.o
LOAD Drivers/STM32F0xx_HAL_Driver/Src/stm32f0xx_hal_i2c.o
LOAD Drivers/STM32F0xx_HAL_Driver/Src/stm32f0xx_hal_i2c_ex.o
LOAD Drivers/STM32F0xx_HAL_Driver/Src/stm32f0xx_hal_pwr.o
LOAD Drivers/STM32F0xx_HAL_Driver/Src/stm32f0xx_hal_pwr_ex.o
LOAD Drivers/STM32F0xx_HAL_Driver/Src/stm32f0xx_hal_rcc.o
LOAD Drivers/STM32F0xx_HAL_Driver/Src/stm32f0xx_hal_rcc_ex.o
LOAD Drivers/STM32F0xx_HAL_Driver/Src/stm32f0xx_hal_tim.o
LOAD Drivers/STM32F0xx_HAL_Driver/Src/stm32f0xx_hal_tim_ex.o
LOAD Src/control.o
LOAD Src/main.o
LOAD Src/setup.o
LOAD Src/stm32f0xx_hal_msp.o
LOAD Src/stm32f0xx_it.o
LOAD Src/system_stm32f0xx.o
START GROUP
LOAD c:/ac6/systemworkbench/plugins/fr.ac6.mcu.externaltools.arm-none.win32_1.7.0.201602121829/tools/compiler/bin/../lib/gcc/arm-none-eabi/5.2.1/armv6-m\libgcc.a
LOAD c:/ac6/systemworkbench/plugins/fr.ac6.mcu.externaltools.arm-none.win32_1.7.0.201602121829/tools/compiler/bin/../lib/gcc/arm-none-eabi/5.2.1/../../../../arm-none-eabi/lib/armv6-m\libc_nano.a
END GROUP
START GROUP
LOAD c:/ac6/systemworkbench/plugins/fr.ac6.mcu.externaltools.arm-none.win32_1.7.0.201602121829/tools/compiler/bin/../lib/gcc/arm-none-eabi/5.2.1/armv6-m\libgcc.a
LOAD c:/ac6/systemworkbench/plugins/fr.ac6.mcu.externaltools.arm-none.win32_1.7.0.201602121829/tools/compiler/bin/../lib/gcc/arm-none-eabi/5.2.1/../../../../arm-none-eabi/lib/armv6-m\libc_nano.a
LOAD c:/ac6/systemworkbench/plugins/fr.ac6.mcu.externaltools.arm-none.win32_1.7.0.201602121829/tools/compiler/bin/../lib/gcc/arm-none-eabi/5.2.1/../../../../arm-none-eabi/lib/armv6-m\libnosys.a
END GROUP
START GROUP
LOAD c:/ac6/systemworkbench/plugins/fr.ac6.mcu.externaltools.arm-none.win32_1.7.0.201602121829/tools/compiler/bin/../lib/gcc/arm-none-eabi/5.2.1/armv6-m\libgcc.a
LOAD c:/ac6/systemworkbench/plugins/fr.ac6.mcu.externaltools.arm-none.win32_1.7.0.201602121829/tools/compiler/bin/../lib/gcc/arm-none-eabi/5.2.1/../../../../arm-none-eabi/lib/armv6-m\libc_nano.a
LOAD c:/ac6/systemworkbench/plugins/fr.ac6.mcu.externaltools.arm-none.win32_1.7.0.201602121829/tools/compiler/bin/../lib/gcc/arm-none-eabi/5.2.1/../../../../arm-none-eabi/lib/armv6-m\libnosys.a
END GROUP
LOAD c:/ac6/systemworkbench/plugins/fr.ac6.mcu.externaltools.arm-none.win32_1.7.0.201602121829/tools/compiler/bin/../lib/gcc/arm-none-eabi/5.2.1/armv6-m/crtend.o
LOAD c:/ac6/systemworkbench/plugins/fr.ac6.mcu.externaltools.arm-none.win32_1.7.0.201602121829/tools/compiler/bin/../lib/gcc/arm-none-eabi/5.2.1/armv6-m/crtn.o
                0x20001000                _estack = 0x20001000
                0x00000100                _Min_Heap_Size = 0x100
                0x00000200                _Min_Stack_Size = 0x200

.isr_vector     0x08000000       0xc0
                0x08000000                . = ALIGN (0x4)
 *(.isr_vector)
 .isr_vector    0x08000000       0xc0 Drivers/CMSIS/Device/ST/STM32F0xx/Source/Templates/gcc/startup_stm32f030x6.o
                0x08000000                g_pfnVectors
                0x080000c0                . = ALIGN (0x4)

.text           0x080000c0     0x2128
                0x080000c0                . = ALIGN (0x4)
 *(.text)
 .text          0x080000c0       0xb4 c:/ac6/systemworkbench/plugins/fr.ac6.mcu.externaltools.arm-none.win32_1.7.0.201602121829/tools/compiler/bin/../lib/gcc/arm-none-eabi/5.2.1/armv6-m/crtbegin.o
 .text          0x08000174      0x114 c:/ac6/systemworkbench/plugins/fr.ac6.mcu.externaltools.arm-none.win32_1.7.0.201602121829/tools/compiler/bin/../lib/gcc/arm-none-eabi/5.2.1/armv6-m\libgcc.a(_udivsi3.o)
                0x08000174                __aeabi_uidiv
                0x08000174                __udivsi3
                0x08000280                __aeabi_uidivmod
 .text          0x08000288      0x1d4 c:/ac6/systemworkbench/plugins/fr.ac6.mcu.externaltools.arm-none.win32_1.7.0.201602121829/tools/compiler/bin/../lib/gcc/arm-none-eabi/5.2.1/armv6-m\libgcc.a(_divsi3.o)
                0x08000288                __divsi3
                0x08000288                __aeabi_idiv
                0x08000454                __aeabi_idivmod
 .text          0x0800045c        0x4 c:/ac6/systemworkbench/plugins/fr.ac6.mcu.externaltools.arm-none.win32_1.7.0.201602121829/tools/compiler/bin/../lib/gcc/arm-none-eabi/5.2.1/armv6-m\libgcc.a(_dvmd_tls.o)
                0x0800045c                __aeabi_idiv0
                0x0800045c                __aeabi_ldiv0
 *(.text*)
 .text.Reset_Handler
                0x08000460       0x50 Drivers/CMSIS/Device/ST/STM32F0xx/Source/Templates/gcc/startup_stm32f030x6.o
                0x08000460                Reset_Handler
 .text.Default_Handler
                0x080004b0        0x2 Drivers/CMSIS/Device/ST/STM32F0xx/Source/Templates/gcc/startup_stm32f030x6.o
                0x080004b0                TIM1_CC_IRQHandler
                0x080004b0                I2C1_IRQHandler
                0x080004b0                SPI1_IRQHandler
                0x080004b0                EXTI2_3_IRQHandler
                0x080004b0                TIM17_IRQHandler
                0x080004b0                RTC_IRQHandler
                0x080004b0                TIM16_IRQHandler
                0x080004b0                TIM3_IRQHandler
                0x080004b0                EXTI4_15_IRQHandler
                0x080004b0                RCC_IRQHandler
                0x080004b0                DMA1_Channel1_IRQHandler
                0x080004b0                Default_Handler
                0x080004b0                TIM14_IRQHandler
                0x080004b0                DMA1_Channel4_5_IRQHandler
                0x080004b0                EXTI0_1_IRQHandler
                0x080004b0                WWDG_IRQHandler
                0x080004b0                DMA1_Channel2_3_IRQHandler
                0x080004b0                FLASH_IRQHandler
                0x080004b0                USART1_IRQHandler
                0x080004b0                TIM1_BRK_UP_TRG_COM_IRQHandler
 *fill*         0x080004b2        0x2 
 .text.HAL_InitTick
                0x080004b4       0x24 Drivers/STM32F0xx_HAL_Driver/Src/stm32f0xx_hal.o
                0x080004b4                HAL_InitTick
 .text.HAL_Init
                0x080004d8       0x20 Drivers/STM32F0xx_HAL_Driver/Src/stm32f0xx_hal.o
                0x080004d8                HAL_Init
 .text.HAL_IncTick
                0x080004f8       0x10 Drivers/STM32F0xx_HAL_Driver/Src/stm32f0xx_hal.o
                0x080004f8                HAL_IncTick
 .text.HAL_GetTick
                0x08000508        0xc Drivers/STM32F0xx_HAL_Driver/Src/stm32f0xx_hal.o
                0x08000508                HAL_GetTick
 .text.HAL_Delay
                0x08000514       0x1c Drivers/STM32F0xx_HAL_Driver/Src/stm32f0xx_hal.o
                0x08000514                HAL_Delay
 .text.ADC_Enable
                0x08000530       0xb8 Drivers/STM32F0xx_HAL_Driver/Src/stm32f0xx_hal_adc.o
 .text.HAL_ADC_Init
                0x080005e8      0x184 Drivers/STM32F0xx_HAL_Driver/Src/stm32f0xx_hal_adc.o
                0x080005e8                HAL_ADC_Init
 .text.HAL_ADC_Start
                0x0800076c       0x60 Drivers/STM32F0xx_HAL_Driver/Src/stm32f0xx_hal_adc.o
                0x0800076c                HAL_ADC_Start
 .text.HAL_ADC_PollForConversion
                0x080007cc       0xc8 Drivers/STM32F0xx_HAL_Driver/Src/stm32f0xx_hal_adc.o
                0x080007cc                HAL_ADC_PollForConversion
 .text.HAL_ADC_GetValue
                0x08000894        0x8 Drivers/STM32F0xx_HAL_Driver/Src/stm32f0xx_hal_adc.o
                0x08000894                HAL_ADC_GetValue
 .text.HAL_ADC_LevelOutOfWindowCallback
                0x0800089c        0x4 Drivers/STM32F0xx_HAL_Driver/Src/stm32f0xx_hal_adc.o
                0x0800089c                HAL_ADC_LevelOutOfWindowCallback
 .text.HAL_ADC_ErrorCallback
                0x080008a0        0x4 Drivers/STM32F0xx_HAL_Driver/Src/stm32f0xx_hal_adc.o
                0x080008a0                HAL_ADC_ErrorCallback
 .text.HAL_ADC_IRQHandler
                0x080008a4       0xd8 Drivers/STM32F0xx_HAL_Driver/Src/stm32f0xx_hal_adc.o
                0x080008a4                HAL_ADC_IRQHandler
 .text.HAL_ADC_ConfigChannel
                0x0800097c      0x134 Drivers/STM32F0xx_HAL_Driver/Src/stm32f0xx_hal_adc.o
                0x0800097c                HAL_ADC_ConfigChannel
 .text.HAL_ADCEx_Calibration_Start
                0x08000ab0       0xac Drivers/STM32F0xx_HAL_Driver/Src/stm32f0xx_hal_adc_ex.o
                0x08000ab0                HAL_ADCEx_Calibration_Start
 .text.HAL_NVIC_SetPriority
                0x08000b5c       0x64 Drivers/STM32F0xx_HAL_Driver/Src/stm32f0xx_hal_cortex.o
                0x08000b5c                HAL_NVIC_SetPriority
 .text.HAL_NVIC_EnableIRQ
                0x08000bc0       0x14 Drivers/STM32F0xx_HAL_Driver/Src/stm32f0xx_hal_cortex.o
                0x08000bc0                HAL_NVIC_EnableIRQ
 .text.HAL_SYSTICK_Config
                0x08000bd4       0x38 Drivers/STM32F0xx_HAL_Driver/Src/stm32f0xx_hal_cortex.o
                0x08000bd4                HAL_SYSTICK_Config
 .text.HAL_SYSTICK_CLKSourceConfig
                0x08000c0c       0x20 Drivers/STM32F0xx_HAL_Driver/Src/stm32f0xx_hal_cortex.o
                0x08000c0c                HAL_SYSTICK_CLKSourceConfig
 .text.HAL_SYSTICK_Callback
                0x08000c2c        0x4 Drivers/STM32F0xx_HAL_Driver/Src/stm32f0xx_hal_cortex.o
                0x08000c2c                HAL_SYSTICK_Callback
 .text.HAL_SYSTICK_IRQHandler
                0x08000c30        0x8 Drivers/STM32F0xx_HAL_Driver/Src/stm32f0xx_hal_cortex.o
                0x08000c30                HAL_SYSTICK_IRQHandler
 .text.HAL_GPIO_Init
                0x08000c38      0x188 Drivers/STM32F0xx_HAL_Driver/Src/stm32f0xx_hal_gpio.o
                0x08000c38                HAL_GPIO_Init
 .text.HAL_GPIO_WritePin
                0x08000dc0        0xc Drivers/STM32F0xx_HAL_Driver/Src/stm32f0xx_hal_gpio.o
                0x08000dc0                HAL_GPIO_WritePin
 .text.HAL_RCC_OscConfig
                0x08000dcc      0x480 Drivers/STM32F0xx_HAL_Driver/Src/stm32f0xx_hal_rcc.o
                0x08000dcc                HAL_RCC_OscConfig
 .text.HAL_RCC_GetSysClockFreq
                0x0800124c       0x68 Drivers/STM32F0xx_HAL_Driver/Src/stm32f0xx_hal_rcc.o
                0x0800124c                HAL_RCC_GetSysClockFreq
 .text.HAL_RCC_ClockConfig
                0x080012b4      0x160 Drivers/STM32F0xx_HAL_Driver/Src/stm32f0xx_hal_rcc.o
                0x080012b4                HAL_RCC_ClockConfig
 .text.HAL_RCC_GetHCLKFreq
                0x08001414        0xc Drivers/STM32F0xx_HAL_Driver/Src/stm32f0xx_hal_rcc.o
                0x08001414                HAL_RCC_GetHCLKFreq
 .text.TIM_OC1_SetConfig
                0x08001420       0x78 Drivers/STM32F0xx_HAL_Driver/Src/stm32f0xx_hal_tim.o
 .text.TIM_OC3_SetConfig
                0x08001498       0x84 Drivers/STM32F0xx_HAL_Driver/Src/stm32f0xx_hal_tim.o
 .text.TIM_OC4_SetConfig
                0x0800151c       0x68 Drivers/STM32F0xx_HAL_Driver/Src/stm32f0xx_hal_tim.o
 .text.TIM_Base_SetConfig
                0x08001584       0x84 Drivers/STM32F0xx_HAL_Driver/Src/stm32f0xx_hal_tim.o
                0x08001584                TIM_Base_SetConfig
 .text.HAL_TIM_PWM_Init
                0x08001608       0x34 Drivers/STM32F0xx_HAL_Driver/Src/stm32f0xx_hal_tim.o
                0x08001608                HAL_TIM_PWM_Init
 .text.TIM_OC2_SetConfig
                0x0800163c       0x7c Drivers/STM32F0xx_HAL_Driver/Src/stm32f0xx_hal_tim.o
                0x0800163c                TIM_OC2_SetConfig
 .text.HAL_TIM_PWM_ConfigChannel
                0x080016b8       0xf0 Drivers/STM32F0xx_HAL_Driver/Src/stm32f0xx_hal_tim.o
                0x080016b8                HAL_TIM_PWM_ConfigChannel
 .text.TIM_CCxChannelCmd
                0x080017a8       0x18 Drivers/STM32F0xx_HAL_Driver/Src/stm32f0xx_hal_tim.o
                0x080017a8                TIM_CCxChannelCmd
 .text.HAL_TIM_PWM_Start
                0x080017c0       0x58 Drivers/STM32F0xx_HAL_Driver/Src/stm32f0xx_hal_tim.o
                0x080017c0                HAL_TIM_PWM_Start
 .text.HAL_TIMEx_MasterConfigSynchronization
                0x08001818       0x4c Drivers/STM32F0xx_HAL_Driver/Src/stm32f0xx_hal_tim_ex.o
                0x08001818                HAL_TIMEx_MasterConfigSynchronization
 .text.calculateLinePosition
                0x08001864       0xec Src/control.o
                0x08001864                calculateLinePosition
 .text.PIDregulator
                0x08001950       0x94 Src/control.o
                0x08001950                PIDregulator
 .text.RobotControl
                0x080019e4       0xd0 Src/control.o
                0x080019e4                RobotControl
 .text.MX_GPIO_Init
                0x08001ab4       0xac Src/main.o
 .text.MX_NVIC_Init
                0x08001b60       0x14 Src/main.o
 .text.HAL_ADC_ConvCpltCallback
                0x08001b74       0x1c Src/main.o
                0x08001b74                HAL_ADC_ConvCpltCallback
 .text.ADC_readValue
                0x08001b90       0x48 Src/main.o
                0x08001b90                ADC_readValue
 .text.readAllADCs
                0x08001bd8      0x12c Src/main.o
                0x08001bd8                readAllADCs
 .text.Error_Handler
                0x08001d04        0x4 Src/main.o
                0x08001d04                Error_Handler
 .text.MX_ADC_Init
                0x08001d08       0xdc Src/main.o
 .text.MX_TIM3_Init
                0x08001de4       0x80 Src/main.o
 .text.SystemClock_Config
                0x08001e64       0x68 Src/main.o
                0x08001e64                SystemClock_Config
 .text.main     0x08001ecc       0x80 Src/main.o
                0x08001ecc                main
 .text.PWM_SetDuty
                0x08001f4c       0x3c Src/setup.o
                0x08001f4c                PWM_SetDuty
 .text.measurementdelay
                0x08001f88       0x10 Src/setup.o
                0x08001f88                measurementdelay
 .text.readSensorValues
                0x08001f98       0x4c Src/setup.o
                0x08001f98                readSensorValues
 .text.HAL_MspInit
                0x08001fe4       0x40 Src/stm32f0xx_hal_msp.o
                0x08001fe4                HAL_MspInit
 .text.HAL_ADC_MspInit
                0x08002024       0x54 Src/stm32f0xx_hal_msp.o
                0x08002024                HAL_ADC_MspInit
 .text.HAL_TIM_PWM_MspInit
                0x08002078       0x28 Src/stm32f0xx_hal_msp.o
                0x08002078                HAL_TIM_PWM_MspInit
 .text.HAL_TIM_MspPostInit
                0x080020a0       0x44 Src/stm32f0xx_hal_msp.o
                0x080020a0                HAL_TIM_MspPostInit
 .text.NMI_Handler
                0x080020e4        0x4 Src/stm32f0xx_it.o
                0x080020e4                NMI_Handler
 .text.HardFault_Handler
                0x080020e8        0x4 Src/stm32f0xx_it.o
                0x080020e8                HardFault_Handler
 .text.SVC_Handler
                0x080020ec        0x4 Src/stm32f0xx_it.o
                0x080020ec                SVC_Handler
 .text.PendSV_Handler
                0x080020f0        0x4 Src/stm32f0xx_it.o
                0x080020f0                PendSV_Handler
 .text.SysTick_Handler
                0x080020f4        0xc Src/stm32f0xx_it.o
                0x080020f4                SysTick_Handler
 .text.ADC1_IRQHandler
                0x08002100       0x10 Src/stm32f0xx_it.o
                0x08002100                ADC1_IRQHandler
 .text.SystemInit
                0x08002110       0x60 Src/system_stm32f0xx.o
                0x08002110                SystemInit
 .text.__libc_init_array
                0x08002170       0x4c c:/ac6/systemworkbench/plugins/fr.ac6.mcu.externaltools.arm-none.win32_1.7.0.201602121829/tools/compiler/bin/../lib/gcc/arm-none-eabi/5.2.1/../../../../arm-none-eabi/lib/armv6-m\libc_nano.a(lib_a-init.o)
                0x08002170                __libc_init_array
 .text.memcpy   0x080021bc       0x12 c:/ac6/systemworkbench/plugins/fr.ac6.mcu.externaltools.arm-none.win32_1.7.0.201602121829/tools/compiler/bin/../lib/gcc/arm-none-eabi/5.2.1/../../../../arm-none-eabi/lib/armv6-m\libc_nano.a(lib_a-memcpy-stub.o)
                0x080021bc                memcpy
 *(.glue_7)
 .glue_7        0x080021ce        0x0 linker stubs
 *(.glue_7t)
 .glue_7t       0x080021ce        0x0 linker stubs
 *(.eh_frame)
 *fill*         0x080021ce        0x2 
 .eh_frame      0x080021d0        0x0 c:/ac6/systemworkbench/plugins/fr.ac6.mcu.externaltools.arm-none.win32_1.7.0.201602121829/tools/compiler/bin/../lib/gcc/arm-none-eabi/5.2.1/armv6-m/crtbegin.o
 *(.init)
 .init          0x080021d0        0x4 c:/ac6/systemworkbench/plugins/fr.ac6.mcu.externaltools.arm-none.win32_1.7.0.201602121829/tools/compiler/bin/../lib/gcc/arm-none-eabi/5.2.1/armv6-m/crti.o
                0x080021d0                _init
 .init          0x080021d4        0x8 c:/ac6/systemworkbench/plugins/fr.ac6.mcu.externaltools.arm-none.win32_1.7.0.201602121829/tools/compiler/bin/../lib/gcc/arm-none-eabi/5.2.1/armv6-m/crtn.o
 *(.fini)
 .fini          0x080021dc        0x4 c:/ac6/systemworkbench/plugins/fr.ac6.mcu.externaltools.arm-none.win32_1.7.0.201602121829/tools/compiler/bin/../lib/gcc/arm-none-eabi/5.2.1/armv6-m/crti.o
                0x080021dc                _fini
 .fini          0x080021e0        0x8 c:/ac6/systemworkbench/plugins/fr.ac6.mcu.externaltools.arm-none.win32_1.7.0.201602121829/tools/compiler/bin/../lib/gcc/arm-none-eabi/5.2.1/armv6-m/crtn.o
                0x080021e8                . = ALIGN (0x4)
                0x080021e8                _etext = .

.vfp11_veneer   0x080021e8        0x0
 .vfp11_veneer  0x080021e8        0x0 linker stubs

.v4_bx          0x080021e8        0x0
 .v4_bx         0x080021e8        0x0 linker stubs

.iplt           0x080021e8        0x0
 .iplt          0x080021e8        0x0 c:/ac6/systemworkbench/plugins/fr.ac6.mcu.externaltools.arm-none.win32_1.7.0.201602121829/tools/compiler/bin/../lib/gcc/arm-none-eabi/5.2.1/armv6-m/crtbegin.o

.rodata         0x080021e8       0x38
                0x080021e8                . = ALIGN (0x4)
 *(.rodata)
 .rodata        0x080021e8       0x20 Drivers/STM32F0xx_HAL_Driver/Src/stm32f0xx_hal_rcc.o
 .rodata        0x08002208       0x18 Src/system_stm32f0xx.o
                0x08002208                AHBPrescTable
                0x08002218                APBPrescTable
 *(.rodata*)
                0x08002220                . = ALIGN (0x4)

.rel.dyn        0x08002220        0x0
 .rel.iplt      0x08002220        0x0 c:/ac6/systemworkbench/plugins/fr.ac6.mcu.externaltools.arm-none.win32_1.7.0.201602121829/tools/compiler/bin/../lib/gcc/arm-none-eabi/5.2.1/armv6-m/crtbegin.o

.ARM.extab
 *(.ARM.extab* .gnu.linkonce.armextab.*)

.ARM            0x08002220        0x0
                0x08002220                __exidx_start = .
 *(.ARM.exidx*)
                0x08002220                __exidx_end = .

.preinit_array  0x08002220        0x0
                0x08002220                PROVIDE (__preinit_array_start, .)
 *(.preinit_array*)
                0x08002220                PROVIDE (__preinit_array_end, .)

.init_array     0x08002220        0x4
                0x08002220                PROVIDE (__init_array_start, .)
 *(SORT(.init_array.*))
 *(.init_array*)
 .init_array    0x08002220        0x4 c:/ac6/systemworkbench/plugins/fr.ac6.mcu.externaltools.arm-none.win32_1.7.0.201602121829/tools/compiler/bin/../lib/gcc/arm-none-eabi/5.2.1/armv6-m/crtbegin.o
                0x08002224                PROVIDE (__init_array_end, .)

.fini_array     0x08002224        0x4
                [!provide]                PROVIDE (__fini_array_start, .)
 *(SORT(.fini_array.*))
 *(.fini_array*)
 .fini_array    0x08002224        0x4 c:/ac6/systemworkbench/plugins/fr.ac6.mcu.externaltools.arm-none.win32_1.7.0.201602121829/tools/compiler/bin/../lib/gcc/arm-none-eabi/5.2.1/armv6-m/crtbegin.o
                [!provide]                PROVIDE (__fini_array_end, .)
                0x08002228                _sidata = LOADADDR (.data)

.data           0x20000000        0xc load address 0x08002228
                0x20000000                . = ALIGN (0x4)
                0x20000000                _sdata = .
 *(.data)
 .data          0x20000000        0x4 Src/control.o
 .data          0x20000004        0x1 Src/main.o
                0x20000004                ADCstatusFlag
 *fill*         0x20000005        0x3 
 .data          0x20000008        0x4 Src/system_stm32f0xx.o
                0x20000008                SystemCoreClock
 *(.data*)
                0x2000000c                . = ALIGN (0x4)
                0x2000000c                _edata = .

.jcr            0x2000000c        0x0 load address 0x08002234
 .jcr           0x2000000c        0x0 c:/ac6/systemworkbench/plugins/fr.ac6.mcu.externaltools.arm-none.win32_1.7.0.201602121829/tools/compiler/bin/../lib/gcc/arm-none-eabi/5.2.1/armv6-m/crtbegin.o

.tm_clone_table
                0x2000000c        0x0 load address 0x08002234
 .tm_clone_table
                0x2000000c        0x0 c:/ac6/systemworkbench/plugins/fr.ac6.mcu.externaltools.arm-none.win32_1.7.0.201602121829/tools/compiler/bin/../lib/gcc/arm-none-eabi/5.2.1/armv6-m/crtbegin.o
 .tm_clone_table
                0x2000000c        0x0 c:/ac6/systemworkbench/plugins/fr.ac6.mcu.externaltools.arm-none.win32_1.7.0.201602121829/tools/compiler/bin/../lib/gcc/arm-none-eabi/5.2.1/armv6-m/crtend.o

.igot.plt       0x2000000c        0x0 load address 0x08002234
 .igot.plt      0x2000000c        0x0 c:/ac6/systemworkbench/plugins/fr.ac6.mcu.externaltools.arm-none.win32_1.7.0.201602121829/tools/compiler/bin/../lib/gcc/arm-none-eabi/5.2.1/armv6-m/crtbegin.o
                0x2000000c                . = ALIGN (0x4)

.bss            0x2000000c       0xcc load address 0x08002234
                0x2000000c                _sbss = .
                0x2000000c                __bss_start__ = _sbss
 *(.bss)
 .bss           0x2000000c       0x1c c:/ac6/systemworkbench/plugins/fr.ac6.mcu.externaltools.arm-none.win32_1.7.0.201602121829/tools/compiler/bin/../lib/gcc/arm-none-eabi/5.2.1/armv6-m/crtbegin.o
 .bss           0x20000028        0x6 Src/control.o
 *(.bss*)
 *(COMMON)
 *fill*         0x2000002e        0x2 
 COMMON         0x20000030        0x4 Drivers/STM32F0xx_HAL_Driver/Src/stm32f0xx_hal.o
                0x20000030                uwTick
 COMMON         0x20000034       0x14 Src/control.o
                0x20000034                potentiometers
                0x2000003c                Vbat
                0x2000003e                lineposition_state
                0x20000040                sensorValues
                0x20000046                speed
 COMMON         0x20000048       0x90 Src/main.o
                0x20000048                htim3
                0x20000088                newADCValue
                0x2000008c                hadc
                0x200000d8                . = ALIGN (0x4)
                0x200000d8                _ebss = .
                0x200000d8                __bss_end__ = _ebss

._user_heap_stack
                0x200000d8      0x300 load address 0x08002234
                0x200000d8                . = ALIGN (0x8)
                [!provide]                PROVIDE (end, .)
                [!provide]                PROVIDE (_end, .)
                0x200001d8                . = (. + _Min_Heap_Size)
 *fill*         0x200000d8      0x100 
                0x200003d8                . = (. + _Min_Stack_Size)
 *fill*         0x200001d8      0x200 
                0x200003d8                . = ALIGN (0x8)

/DISCARD/
 libc.a(*)
 libm.a(*)
 libgcc.a(*)

.ARM.attributes
                0x00000000       0x28
 *(.ARM.attributes)
 .ARM.attributes
                0x00000000       0x1e c:/ac6/systemworkbench/plugins/fr.ac6.mcu.externaltools.arm-none.win32_1.7.0.201602121829/tools/compiler/bin/../lib/gcc/arm-none-eabi/5.2.1/armv6-m/crti.o
 .ARM.attributes
                0x0000001e       0x2c c:/ac6/systemworkbench/plugins/fr.ac6.mcu.externaltools.arm-none.win32_1.7.0.201602121829/tools/compiler/bin/../lib/gcc/arm-none-eabi/5.2.1/armv6-m/crtbegin.o
 .ARM.attributes
                0x0000004a       0x21 Drivers/CMSIS/Device/ST/STM32F0xx/Source/Templates/gcc/startup_stm32f030x6.o
 .ARM.attributes
                0x0000006b       0x31 Drivers/STM32F0xx_HAL_Driver/Src/stm32f0xx_hal.o
 .ARM.attributes
                0x0000009c       0x31 Drivers/STM32F0xx_HAL_Driver/Src/stm32f0xx_hal_adc.o
 .ARM.attributes
                0x000000cd       0x31 Drivers/STM32F0xx_HAL_Driver/Src/stm32f0xx_hal_adc_ex.o
 .ARM.attributes
                0x000000fe       0x31 Drivers/STM32F0xx_HAL_Driver/Src/stm32f0xx_hal_cortex.o
 .ARM.attributes
                0x0000012f       0x31 Drivers/STM32F0xx_HAL_Driver/Src/stm32f0xx_hal_gpio.o
 .ARM.attributes
                0x00000160       0x31 Drivers/STM32F0xx_HAL_Driver/Src/stm32f0xx_hal_rcc.o
 .ARM.attributes
                0x00000191       0x31 Drivers/STM32F0xx_HAL_Driver/Src/stm32f0xx_hal_tim.o
 .ARM.attributes
                0x000001c2       0x31 Drivers/STM32F0xx_HAL_Driver/Src/stm32f0xx_hal_tim_ex.o
 .ARM.attributes
                0x000001f3       0x31 Src/control.o
 .ARM.attributes
                0x00000224       0x31 Src/main.o
 .ARM.attributes
                0x00000255       0x31 Src/setup.o
 .ARM.attributes
                0x00000286       0x31 Src/stm32f0xx_hal_msp.o
 .ARM.attributes
                0x000002b7       0x31 Src/stm32f0xx_it.o
 .ARM.attributes
                0x000002e8       0x31 Src/system_stm32f0xx.o
 .ARM.attributes
                0x00000319       0x1e c:/ac6/systemworkbench/plugins/fr.ac6.mcu.externaltools.arm-none.win32_1.7.0.201602121829/tools/compiler/bin/../lib/gcc/arm-none-eabi/5.2.1/armv6-m\libgcc.a(_udivsi3.o)
 .ARM.attributes
                0x00000337       0x1e c:/ac6/systemworkbench/plugins/fr.ac6.mcu.externaltools.arm-none.win32_1.7.0.201602121829/tools/compiler/bin/../lib/gcc/arm-none-eabi/5.2.1/armv6-m\libgcc.a(_divsi3.o)
 .ARM.attributes
                0x00000355       0x1e c:/ac6/systemworkbench/plugins/fr.ac6.mcu.externaltools.arm-none.win32_1.7.0.201602121829/tools/compiler/bin/../lib/gcc/arm-none-eabi/5.2.1/armv6-m\libgcc.a(_dvmd_tls.o)
 .ARM.attributes
                0x00000373       0x2c c:/ac6/systemworkbench/plugins/fr.ac6.mcu.externaltools.arm-none.win32_1.7.0.201602121829/tools/compiler/bin/../lib/gcc/arm-none-eabi/5.2.1/../../../../arm-none-eabi/lib/armv6-m\libc_nano.a(lib_a-init.o)
 .ARM.attributes
                0x0000039f       0x2c c:/ac6/systemworkbench/plugins/fr.ac6.mcu.externaltools.arm-none.win32_1.7.0.201602121829/tools/compiler/bin/../lib/gcc/arm-none-eabi/5.2.1/../../../../arm-none-eabi/lib/armv6-m\libc_nano.a(lib_a-memcpy-stub.o)
 .ARM.attributes
                0x000003cb       0x2c c:/ac6/systemworkbench/plugins/fr.ac6.mcu.externaltools.arm-none.win32_1.7.0.201602121829/tools/compiler/bin/../lib/gcc/arm-none-eabi/5.2.1/armv6-m/crtend.o
 .ARM.attributes
                0x000003f7       0x1e c:/ac6/systemworkbench/plugins/fr.ac6.mcu.externaltools.arm-none.win32_1.7.0.201602121829/tools/compiler/bin/../lib/gcc/arm-none-eabi/5.2.1/armv6-m/crtn.o
OUTPUT(GetInLine.elf elf32-littlearm)

.debug_line     0x00000000     0x8e5c
 .debug_line    0x00000000       0xb2 Drivers/CMSIS/Device/ST/STM32F0xx/Source/Templates/gcc/startup_stm32f030x6.o
 .debug_line    0x000000b2      0x8bf Drivers/STM32F0xx_HAL_Driver/Src/stm32f0xx_hal.o
 .debug_line    0x00000971      0xcc3 Drivers/STM32F0xx_HAL_Driver/Src/stm32f0xx_hal_adc.o
 .debug_line    0x00001634      0x7d5 Drivers/STM32F0xx_HAL_Driver/Src/stm32f0xx_hal_adc_ex.o
 .debug_line    0x00001e09      0x8dd Drivers/STM32F0xx_HAL_Driver/Src/stm32f0xx_hal_cortex.o
 .debug_line    0x000026e6      0x8c7 Drivers/STM32F0xx_HAL_Driver/Src/stm32f0xx_hal_gpio.o
 .debug_line    0x00002fad      0xa15 Drivers/STM32F0xx_HAL_Driver/Src/stm32f0xx_hal_rcc.o
 .debug_line    0x000039c2     0x177f Drivers/STM32F0xx_HAL_Driver/Src/stm32f0xx_hal_tim.o
 .debug_line    0x00005141      0xd1b Drivers/STM32F0xx_HAL_Driver/Src/stm32f0xx_hal_tim_ex.o
 .debug_line    0x00005e5c      0x7e8 Src/control.o
 .debug_line    0x00006644      0x8d1 Src/main.o
 .debug_line    0x00006f15      0x7d0 Src/setup.o
 .debug_line    0x000076e5      0x7f1 Src/stm32f0xx_hal_msp.o
 .debug_line    0x00007ed6      0x7dd Src/stm32f0xx_it.o
 .debug_line    0x000086b3      0x7a9 Src/system_stm32f0xx.o

.debug_info     0x00000000     0xa083
 .debug_info    0x00000000       0xa3 Drivers/CMSIS/Device/ST/STM32F0xx/Source/Templates/gcc/startup_stm32f030x6.o
 .debug_info    0x000000a3      0x570 Drivers/STM32F0xx_HAL_Driver/Src/stm32f0xx_hal.o
 .debug_info    0x00000613      0xe06 Drivers/STM32F0xx_HAL_Driver/Src/stm32f0xx_hal_adc.o
 .debug_info    0x00001419      0x533 Drivers/STM32F0xx_HAL_Driver/Src/stm32f0xx_hal_adc_ex.o
 .debug_info    0x0000194c      0x745 Drivers/STM32F0xx_HAL_Driver/Src/stm32f0xx_hal_cortex.o
 .debug_info    0x00002091      0x5d9 Drivers/STM32F0xx_HAL_Driver/Src/stm32f0xx_hal_gpio.o
 .debug_info    0x0000266a      0x993 Drivers/STM32F0xx_HAL_Driver/Src/stm32f0xx_hal_rcc.o
 .debug_info    0x00002ffd     0x2d46 Drivers/STM32F0xx_HAL_Driver/Src/stm32f0xx_hal_tim.o
 .debug_info    0x00005d43     0x1207 Drivers/STM32F0xx_HAL_Driver/Src/stm32f0xx_hal_tim_ex.o
 .debug_info    0x00006f4a      0x3d6 Src/control.o
 .debug_info    0x00007320     0x15b4 Src/main.o
 .debug_info    0x000088d4      0x3f6 Src/setup.o
 .debug_info    0x00008cca      0xc3b Src/stm32f0xx_hal_msp.o
 .debug_info    0x00009905      0x538 Src/stm32f0xx_it.o
 .debug_info    0x00009e3d      0x246 Src/system_stm32f0xx.o

.debug_abbrev   0x00000000     0x1948
 .debug_abbrev  0x00000000       0x12 Drivers/CMSIS/Device/ST/STM32F0xx/Source/Templates/gcc/startup_stm32f030x6.o
 .debug_abbrev  0x00000012      0x1f7 Drivers/STM32F0xx_HAL_Driver/Src/stm32f0xx_hal.o
 .debug_abbrev  0x00000209      0x211 Drivers/STM32F0xx_HAL_Driver/Src/stm32f0xx_hal_adc.o
 .debug_abbrev  0x0000041a      0x124 Drivers/STM32F0xx_HAL_Driver/Src/stm32f0xx_hal_adc_ex.o
 .debug_abbrev  0x0000053e      0x257 Drivers/STM32F0xx_HAL_Driver/Src/stm32f0xx_hal_cortex.o
 .debug_abbrev  0x00000795      0x1d4 Drivers/STM32F0xx_HAL_Driver/Src/stm32f0xx_hal_gpio.o
 .debug_abbrev  0x00000969      0x231 Drivers/STM32F0xx_HAL_Driver/Src/stm32f0xx_hal_rcc.o
 .debug_abbrev  0x00000b9a      0x219 Drivers/STM32F0xx_HAL_Driver/Src/stm32f0xx_hal_tim.o
 .debug_abbrev  0x00000db3      0x219 Drivers/STM32F0xx_HAL_Driver/Src/stm32f0xx_hal_tim_ex.o
 .debug_abbrev  0x00000fcc      0x1ad Src/control.o
 .debug_abbrev  0x00001179      0x292 Src/main.o
 .debug_abbrev  0x0000140b      0x139 Src/setup.o
 .debug_abbrev  0x00001544      0x1c1 Src/stm32f0xx_hal_msp.o
 .debug_abbrev  0x00001705      0x150 Src/stm32f0xx_it.o
 .debug_abbrev  0x00001855       0xf3 Src/system_stm32f0xx.o

.debug_aranges  0x00000000      0x958
 .debug_aranges
                0x00000000       0x28 Drivers/CMSIS/Device/ST/STM32F0xx/Source/Templates/gcc/startup_stm32f030x6.o
 .debug_aranges
                0x00000028       0xa0 Drivers/STM32F0xx_HAL_Driver/Src/stm32f0xx_hal.o
 .debug_aranges
                0x000000c8       0xf8 Drivers/STM32F0xx_HAL_Driver/Src/stm32f0xx_hal_adc.o
 .debug_aranges
                0x000001c0       0x20 Drivers/STM32F0xx_HAL_Driver/Src/stm32f0xx_hal_adc_ex.o
 .debug_aranges
                0x000001e0       0x78 Drivers/STM32F0xx_HAL_Driver/Src/stm32f0xx_hal_cortex.o
 .debug_aranges
                0x00000258       0x58 Drivers/STM32F0xx_HAL_Driver/Src/stm32f0xx_hal_gpio.o
 .debug_aranges
                0x000002b0       0x80 Drivers/STM32F0xx_HAL_Driver/Src/stm32f0xx_hal_rcc.o
 .debug_aranges
                0x00000330      0x368 Drivers/STM32F0xx_HAL_Driver/Src/stm32f0xx_hal_tim.o
 .debug_aranges
                0x00000698      0x140 Drivers/STM32F0xx_HAL_Driver/Src/stm32f0xx_hal_tim_ex.o
 .debug_aranges
                0x000007d8       0x30 Src/control.o
 .debug_aranges
                0x00000808       0x68 Src/main.o
 .debug_aranges
                0x00000870       0x30 Src/setup.o
 .debug_aranges
                0x000008a0       0x48 Src/stm32f0xx_hal_msp.o
 .debug_aranges
                0x000008e8       0x48 Src/stm32f0xx_it.o
 .debug_aranges
                0x00000930       0x28 Src/system_stm32f0xx.o

.debug_ranges   0x00000000      0x888
 .debug_ranges  0x00000000       0x20 Drivers/CMSIS/Device/ST/STM32F0xx/Source/Templates/gcc/startup_stm32f030x6.o
 .debug_ranges  0x00000020       0x90 Drivers/STM32F0xx_HAL_Driver/Src/stm32f0xx_hal.o
 .debug_ranges  0x000000b0       0xe8 Drivers/STM32F0xx_HAL_Driver/Src/stm32f0xx_hal_adc.o
 .debug_ranges  0x00000198       0x10 Drivers/STM32F0xx_HAL_Driver/Src/stm32f0xx_hal_adc_ex.o
 .debug_ranges  0x000001a8       0x68 Drivers/STM32F0xx_HAL_Driver/Src/stm32f0xx_hal_cortex.o
 .debug_ranges  0x00000210       0x48 Drivers/STM32F0xx_HAL_Driver/Src/stm32f0xx_hal_gpio.o
 .debug_ranges  0x00000258       0x88 Drivers/STM32F0xx_HAL_Driver/Src/stm32f0xx_hal_rcc.o
 .debug_ranges  0x000002e0      0x358 Drivers/STM32F0xx_HAL_Driver/Src/stm32f0xx_hal_tim.o
 .debug_ranges  0x00000638      0x130 Drivers/STM32F0xx_HAL_Driver/Src/stm32f0xx_hal_tim_ex.o
 .debug_ranges  0x00000768       0x20 Src/control.o
 .debug_ranges  0x00000788       0x58 Src/main.o
 .debug_ranges  0x000007e0       0x20 Src/setup.o
 .debug_ranges  0x00000800       0x38 Src/stm32f0xx_hal_msp.o
 .debug_ranges  0x00000838       0x38 Src/stm32f0xx_it.o
 .debug_ranges  0x00000870       0x18 Src/system_stm32f0xx.o

.debug_loc      0x00000000     0x60ce
 .debug_loc     0x00000000       0x6a Drivers/STM32F0xx_HAL_Driver/Src/stm32f0xx_hal.o
 .debug_loc     0x0000006a      0xbcc Drivers/STM32F0xx_HAL_Driver/Src/stm32f0xx_hal_adc.o
 .debug_loc     0x00000c36       0xd1 Drivers/STM32F0xx_HAL_Driver/Src/stm32f0xx_hal_adc_ex.o
 .debug_loc     0x00000d07      0x39b Drivers/STM32F0xx_HAL_Driver/Src/stm32f0xx_hal_cortex.o
 .debug_loc     0x000010a2      0x2bc Drivers/STM32F0xx_HAL_Driver/Src/stm32f0xx_hal_gpio.o
 .debug_loc     0x0000135e      0x4cf Drivers/STM32F0xx_HAL_Driver/Src/stm32f0xx_hal_rcc.o
 .debug_loc     0x0000182d     0x3531 Drivers/STM32F0xx_HAL_Driver/Src/stm32f0xx_hal_tim.o
 .debug_loc     0x00004d5e     0x10a5 Drivers/STM32F0xx_HAL_Driver/Src/stm32f0xx_hal_tim_ex.o
 .debug_loc     0x00005e03       0x71 Src/control.o
 .debug_loc     0x00005e74       0x4a Src/main.o
 .debug_loc     0x00005ebe       0x78 Src/setup.o
 .debug_loc     0x00005f36       0x9a Src/stm32f0xx_hal_msp.o
 .debug_loc     0x00005fd0       0xfe Src/system_stm32f0xx.o

.debug_macro    0x00000000    0x1070e
 .debug_macro   0x00000000      0x2f4 Drivers/STM32F0xx_HAL_Driver/Src/stm32f0xx_hal.o
 .debug_macro   0x000002f4      0x832 Drivers/STM32F0xx_HAL_Driver/Src/stm32f0xx_hal.o
 .debug_macro   0x00000b26       0x22 Drivers/STM32F0xx_HAL_Driver/Src/stm32f0xx_hal.o
 .debug_macro   0x00000b48       0x44 Drivers/STM32F0xx_HAL_Driver/Src/stm32f0xx_hal.o
 .debug_macro   0x00000b8c       0xfd Drivers/STM32F0xx_HAL_Driver/Src/stm32f0xx_hal.o
 .debug_macro   0x00000c89       0x22 Drivers/STM32F0xx_HAL_Driver/Src/stm32f0xx_hal.o
 .debug_macro   0x00000cab      0x1df Drivers/STM32F0xx_HAL_Driver/Src/stm32f0xx_hal.o
 .debug_macro   0x00000e8a       0xa4 Drivers/STM32F0xx_HAL_Driver/Src/stm32f0xx_hal.o
 .debug_macro   0x00000f2e       0x2e Drivers/STM32F0xx_HAL_Driver/Src/stm32f0xx_hal.o
 .debug_macro   0x00000f5c       0x22 Drivers/STM32F0xx_HAL_Driver/Src/stm32f0xx_hal.o
 .debug_macro   0x00000f7e       0x3a Drivers/STM32F0xx_HAL_Driver/Src/stm32f0xx_hal.o
 .debug_macro   0x00000fb8       0x26 Drivers/STM32F0xx_HAL_Driver/Src/stm32f0xx_hal.o
 .debug_macro   0x00000fde      0x30d Drivers/STM32F0xx_HAL_Driver/Src/stm32f0xx_hal.o
 .debug_macro   0x000012eb     0x6d64 Drivers/STM32F0xx_HAL_Driver/Src/stm32f0xx_hal.o
 .debug_macro   0x0000804f       0x3c Drivers/STM32F0xx_HAL_Driver/Src/stm32f0xx_hal.o
 .debug_macro   0x0000808b     0x3408 Drivers/STM32F0xx_HAL_Driver/Src/stm32f0xx_hal.o
 .debug_macro   0x0000b493       0x58 Drivers/STM32F0xx_HAL_Driver/Src/stm32f0xx_hal.o
 .debug_macro   0x0000b4eb       0x35 Drivers/STM32F0xx_HAL_Driver/Src/stm32f0xx_hal.o
 .debug_macro   0x0000b520       0x9c Drivers/STM32F0xx_HAL_Driver/Src/stm32f0xx_hal.o
 .debug_macro   0x0000b5bc       0x16 Drivers/STM32F0xx_HAL_Driver/Src/stm32f0xx_hal.o
 .debug_macro   0x0000b5d2       0x97 Drivers/STM32F0xx_HAL_Driver/Src/stm32f0xx_hal.o
 .debug_macro   0x0000b669      0x329 Drivers/STM32F0xx_HAL_Driver/Src/stm32f0xx_hal.o
 .debug_macro   0x0000b992       0xfd Drivers/STM32F0xx_HAL_Driver/Src/stm32f0xx_hal.o
 .debug_macro   0x0000ba8f       0x10 Drivers/STM32F0xx_HAL_Driver/Src/stm32f0xx_hal.o
 .debug_macro   0x0000ba9f       0x52 Drivers/STM32F0xx_HAL_Driver/Src/stm32f0xx_hal.o
 .debug_macro   0x0000baf1       0x16 Drivers/STM32F0xx_HAL_Driver/Src/stm32f0xx_hal.o
 .debug_macro   0x0000bb07       0x43 Drivers/STM32F0xx_HAL_Driver/Src/stm32f0xx_hal.o
 .debug_macro   0x0000bb4a      0x187 Drivers/STM32F0xx_HAL_Driver/Src/stm32f0xx_hal.o
 .debug_macro   0x0000bcd1       0x10 Drivers/STM32F0xx_HAL_Driver/Src/stm32f0xx_hal.o
 .debug_macro   0x0000bce1       0x22 Drivers/STM32F0xx_HAL_Driver/Src/stm32f0xx_hal.o
 .debug_macro   0x0000bd03       0x3a Drivers/STM32F0xx_HAL_Driver/Src/stm32f0xx_hal.o
 .debug_macro   0x0000bd3d       0x10 Drivers/STM32F0xx_HAL_Driver/Src/stm32f0xx_hal.o
 .debug_macro   0x0000bd4d       0x40 Drivers/STM32F0xx_HAL_Driver/Src/stm32f0xx_hal.o
 .debug_macro   0x0000bd8d       0x65 Drivers/STM32F0xx_HAL_Driver/Src/stm32f0xx_hal.o
 .debug_macro   0x0000bdf2       0x16 Drivers/STM32F0xx_HAL_Driver/Src/stm32f0xx_hal.o
 .debug_macro   0x0000be08      0x197 Drivers/STM32F0xx_HAL_Driver/Src/stm32f0xx_hal.o
 .debug_macro   0x0000bf9f       0x49 Drivers/STM32F0xx_HAL_Driver/Src/stm32f0xx_hal.o
 .debug_macro   0x0000bfe8      0x931 Drivers/STM32F0xx_HAL_Driver/Src/stm32f0xx_hal.o
 .debug_macro   0x0000c919       0xe5 Drivers/STM32F0xx_HAL_Driver/Src/stm32f0xx_hal.o
 .debug_macro   0x0000c9fe      0x13a Drivers/STM32F0xx_HAL_Driver/Src/stm32f0xx_hal.o
 .debug_macro   0x0000cb38       0xad Drivers/STM32F0xx_HAL_Driver/Src/stm32f0xx_hal.o
 .debug_macro   0x0000cbe5      0x1ed Drivers/STM32F0xx_HAL_Driver/Src/stm32f0xx_hal.o
 .debug_macro   0x0000cdd2       0x34 Drivers/STM32F0xx_HAL_Driver/Src/stm32f0xx_hal.o
 .debug_macro   0x0000ce06       0x43 Drivers/STM32F0xx_HAL_Driver/Src/stm32f0xx_hal.o
 .debug_macro   0x0000ce49       0x29 Drivers/STM32F0xx_HAL_Driver/Src/stm32f0xx_hal.o
 .debug_macro   0x0000ce72      0x344 Drivers/STM32F0xx_HAL_Driver/Src/stm32f0xx_hal.o
 .debug_macro   0x0000d1b6       0xbc Drivers/STM32F0xx_HAL_Driver/Src/stm32f0xx_hal.o
 .debug_macro   0x0000d272       0xb6 Drivers/STM32F0xx_HAL_Driver/Src/stm32f0xx_hal.o
 .debug_macro   0x0000d328      0x15a Drivers/STM32F0xx_HAL_Driver/Src/stm32f0xx_hal.o
 .debug_macro   0x0000d482      0x202 Drivers/STM32F0xx_HAL_Driver/Src/stm32f0xx_hal.o
 .debug_macro   0x0000d684       0x61 Drivers/STM32F0xx_HAL_Driver/Src/stm32f0xx_hal.o
 .debug_macro   0x0000d6e5       0x90 Drivers/STM32F0xx_HAL_Driver/Src/stm32f0xx_hal.o
 .debug_macro   0x0000d775       0x4d Drivers/STM32F0xx_HAL_Driver/Src/stm32f0xx_hal.o
 .debug_macro   0x0000d7c2       0x2d Drivers/STM32F0xx_HAL_Driver/Src/stm32f0xx_hal.o
 .debug_macro   0x0000d7ef      0x837 Drivers/STM32F0xx_HAL_Driver/Src/stm32f0xx_hal.o
 .debug_macro   0x0000e026       0x47 Drivers/STM32F0xx_HAL_Driver/Src/stm32f0xx_hal.o
 .debug_macro   0x0000e06d       0xea Drivers/STM32F0xx_HAL_Driver/Src/stm32f0xx_hal.o
 .debug_macro   0x0000e157      0x2f4 Drivers/STM32F0xx_HAL_Driver/Src/stm32f0xx_hal_adc.o
 .debug_macro   0x0000e44b      0x2dc Drivers/STM32F0xx_HAL_Driver/Src/stm32f0xx_hal_adc_ex.o
 .debug_macro   0x0000e727      0x2d0 Drivers/STM32F0xx_HAL_Driver/Src/stm32f0xx_hal_cortex.o
 .debug_macro   0x0000e9f7      0x309 Drivers/STM32F0xx_HAL_Driver/Src/stm32f0xx_hal_gpio.o
 .debug_macro   0x0000ed00      0x2e2 Drivers/STM32F0xx_HAL_Driver/Src/stm32f0xx_hal_rcc.o
 .debug_macro   0x0000efe2      0x2d1 Drivers/STM32F0xx_HAL_Driver/Src/stm32f0xx_hal_tim.o
 .debug_macro   0x0000f2b3      0x2d0 Drivers/STM32F0xx_HAL_Driver/Src/stm32f0xx_hal_tim_ex.o
 .debug_macro   0x0000f583      0x2e9 Src/control.o
 .debug_macro   0x0000f86c       0x28 Src/control.o
 .debug_macro   0x0000f894      0x2e1 Src/main.o
 .debug_macro   0x0000fb75      0x2e5 Src/setup.o
 .debug_macro   0x0000fe5a      0x2d0 Src/stm32f0xx_hal_msp.o
 .debug_macro   0x0001012a      0x2da Src/stm32f0xx_it.o
 .debug_macro   0x00010404      0x2d6 Src/system_stm32f0xx.o
 .debug_macro   0x000106da       0x34 Src/system_stm32f0xx.o

.debug_str      0x00000000    0x5cde3
 .debug_str     0x00000000    0x5a6b4 Drivers/STM32F0xx_HAL_Driver/Src/stm32f0xx_hal.o
                              0x5aa16 (size before relaxing)
 .debug_str     0x0005a6b4      0x6fe Drivers/STM32F0xx_HAL_Driver/Src/stm32f0xx_hal_adc.o
                              0x5ac8c (size before relaxing)
 .debug_str     0x0005adb2       0x88 Drivers/STM32F0xx_HAL_Driver/Src/stm32f0xx_hal_adc_ex.o
                              0x5a8e7 (size before relaxing)
 .debug_str     0x0005ae3a      0x1b4 Drivers/STM32F0xx_HAL_Driver/Src/stm32f0xx_hal_cortex.o
                              0x5a8f0 (size before relaxing)
 .debug_str     0x0005afee      0x28a Drivers/STM32F0xx_HAL_Driver/Src/stm32f0xx_hal_gpio.o
                              0x5a817 (size before relaxing)
 .debug_str     0x0005b278      0x351 Drivers/STM32F0xx_HAL_Driver/Src/stm32f0xx_hal_rcc.o
                              0x5a9c7 (size before relaxing)
 .debug_str     0x0005b5c9      0xe87 Drivers/STM32F0xx_HAL_Driver/Src/stm32f0xx_hal_tim.o
                              0x5b679 (size before relaxing)
 .debug_str     0x0005c450      0x4f4 Drivers/STM32F0xx_HAL_Driver/Src/stm32f0xx_hal_tim_ex.o
                              0x5af37 (size before relaxing)
 .debug_str     0x0005c944      0x265 Src/control.o
                              0x5a7c4 (size before relaxing)
 .debug_str     0x0005cba9      0x112 Src/main.o
                              0x5b228 (size before relaxing)
 .debug_str     0x0005ccbb       0x39 Src/setup.o
                              0x5a701 (size before relaxing)
 .debug_str     0x0005ccf4       0x24 Src/stm32f0xx_hal_msp.o
                              0x5ad43 (size before relaxing)
 .debug_str     0x0005cd18       0x71 Src/stm32f0xx_it.o
                              0x5a8b3 (size before relaxing)
 .debug_str     0x0005cd89       0x5a Src/system_stm32f0xx.o
                              0x5a5ae (size before relaxing)

.comment        0x00000000       0x6e
 .comment       0x00000000       0x6e Drivers/STM32F0xx_HAL_Driver/Src/stm32f0xx_hal.o
                                 0x6f (size before relaxing)
 .comment       0x0000006e       0x6f Drivers/STM32F0xx_HAL_Driver/Src/stm32f0xx_hal_adc.o
 .comment       0x0000006e       0x6f Drivers/STM32F0xx_HAL_Driver/Src/stm32f0xx_hal_adc_ex.o
 .comment       0x0000006e       0x6f Drivers/STM32F0xx_HAL_Driver/Src/stm32f0xx_hal_cortex.o
 .comment       0x0000006e       0x6f Drivers/STM32F0xx_HAL_Driver/Src/stm32f0xx_hal_gpio.o
 .comment       0x0000006e       0x6f Drivers/STM32F0xx_HAL_Driver/Src/stm32f0xx_hal_rcc.o
 .comment       0x0000006e       0x6f Drivers/STM32F0xx_HAL_Driver/Src/stm32f0xx_hal_tim.o
 .comment       0x0000006e       0x6f Drivers/STM32F0xx_HAL_Driver/Src/stm32f0xx_hal_tim_ex.o
 .comment       0x0000006e       0x6f Src/control.o
 .comment       0x0000006e       0x6f Src/main.o
 .comment       0x0000006e       0x6f Src/setup.o
 .comment       0x0000006e       0x6f Src/stm32f0xx_hal_msp.o
 .comment       0x0000006e       0x6f Src/stm32f0xx_it.o
 .comment       0x0000006e       0x6f Src/system_stm32f0xx.o

.debug_frame    0x00000000     0x17b4
 .debug_frame   0x00000000      0x144 Drivers/STM32F0xx_HAL_Driver/Src/stm32f0xx_hal.o
 .debug_frame   0x00000144      0x2a0 Drivers/STM32F0xx_HAL_Driver/Src/stm32f0xx_hal_adc.o
 .debug_frame   0x000003e4       0x2c Drivers/STM32F0xx_HAL_Driver/Src/stm32f0xx_hal_adc_ex.o
 .debug_frame   0x00000410       0xe4 Drivers/STM32F0xx_HAL_Driver/Src/stm32f0xx_hal_cortex.o
 .debug_frame   0x000004f4       0xcc Drivers/STM32F0xx_HAL_Driver/Src/stm32f0xx_hal_gpio.o
 .debug_frame   0x000005c0      0x130 Drivers/STM32F0xx_HAL_Driver/Src/stm32f0xx_hal_rcc.o
 .debug_frame   0x000006f0      0x990 Drivers/STM32F0xx_HAL_Driver/Src/stm32f0xx_hal_tim.o
 .debug_frame   0x00001080      0x384 Drivers/STM32F0xx_HAL_Driver/Src/stm32f0xx_hal_tim_ex.o
 .debug_frame   0x00001404       0x60 Src/control.o
 .debug_frame   0x00001464      0x11c Src/main.o
 .debug_frame   0x00001580       0x4c Src/setup.o
 .debug_frame   0x000015cc       0x9c Src/stm32f0xx_hal_msp.o
 .debug_frame   0x00001668       0x80 Src/stm32f0xx_it.o
 .debug_frame   0x000016e8       0x38 Src/system_stm32f0xx.o
 .debug_frame   0x00001720       0x20 c:/ac6/systemworkbench/plugins/fr.ac6.mcu.externaltools.arm-none.win32_1.7.0.201602121829/tools/compiler/bin/../lib/gcc/arm-none-eabi/5.2.1/armv6-m\libgcc.a(_udivsi3.o)
 .debug_frame   0x00001740       0x20 c:/ac6/systemworkbench/plugins/fr.ac6.mcu.externaltools.arm-none.win32_1.7.0.201602121829/tools/compiler/bin/../lib/gcc/arm-none-eabi/5.2.1/armv6-m\libgcc.a(_divsi3.o)
 .debug_frame   0x00001760       0x2c c:/ac6/systemworkbench/plugins/fr.ac6.mcu.externaltools.arm-none.win32_1.7.0.201602121829/tools/compiler/bin/../lib/gcc/arm-none-eabi/5.2.1/../../../../arm-none-eabi/lib/armv6-m\libc_nano.a(lib_a-init.o)
 .debug_frame   0x0000178c       0x28 c:/ac6/systemworkbench/plugins/fr.ac6.mcu.externaltools.arm-none.win32_1.7.0.201602121829/tools/compiler/bin/../lib/gcc/arm-none-eabi/5.2.1/../../../../arm-none-eabi/lib/armv6-m\libc_nano.a(lib_a-memcpy-stub.o)
